[0.010s][info][gc] Using Serial
[3.728s][info][gc] GC(0) Pause Young (Allocation Failure) 4M->2M(15M) 4.313ms
[3.819s][info][gc] GC(1) Pause Young (Allocation Failure) 6M->2M(15M) 3.499ms
[3.880s][info][gc] GC(2) Pause Young (Allocation Failure) 7M->4M(15M) 4.270ms
[4.038s][info][gc] GC(3) Pause Young (Allocation Failure) 8M->4M(15M) 3.093ms
[5.284s][info][gc] GC(4) Pause Young (Allocation Failure) 8M->5M(15M) 6.837ms
[27.476s][info][gc] GC(5) Pause Young (Allocation Failure) 9M->5M(15M) 2.240ms
[27.485s][info][gc] GC(6) Pause Young (Allocation Failure) 9M->5M(15M) 0.577ms
[27.494s][info][gc] GC(7) Pause Young (Allocation Failure) 9M->5M(15M) 0.545ms
[27.503s][info][gc] GC(8) Pause Young (Allocation Failure) 9M->5M(15M) 0.568ms
[27.512s][info][gc] GC(9) Pause Young (Allocation Failure) 9M->5M(15M) 0.668ms
[27.520s][info][gc] GC(10) Pause Young (Allocation Failure) 9M->5M(15M) 0.571ms
[27.524s][info][gc] GC(11) Pause Young (Allocation Failure) 9M->5M(15M) 0.549ms
[27.529s][info][gc] GC(12) Pause Young (Allocation Failure) 9M->5M(15M) 0.491ms
[28.258s][info][gc] GC(13) Pause Young (Allocation Failure) 9M->5M(15M) 3.115ms
[63.308s][info][gc] GC(14) Pause Young (Allocation Failure) 9M->5M(15M) 1.462ms
[90.398s][info][gc] GC(15) Pause Young (Allocation Failure) 9M->5M(15M) 0.785ms
[90.403s][info][gc] GC(16) Pause Young (Allocation Failure) 9M->5M(15M) 0.740ms
[90.407s][info][gc] GC(17) Pause Young (Allocation Failure) 9M->5M(15M) 0.717ms
[90.412s][info][gc] GC(18) Pause Young (Allocation Failure) 9M->5M(15M) 0.726ms
[90.416s][info][gc] GC(19) Pause Young (Allocation Failure) 9M->5M(15M) 0.719ms
[90.421s][info][gc] GC(20) Pause Young (Allocation Failure) 9M->5M(15M) 0.834ms
[90.425s][info][gc] GC(21) Pause Young (Allocation Failure) 9M->5M(15M) 0.509ms
[90.429s][info][gc] GC(22) Pause Young (Allocation Failure) 9M->5M(15M) 0.501ms
[90.433s][info][gc] GC(23) Pause Young (Allocation Failure) 9M->5M(15M) 0.516ms
[124.200s][info][gc] GC(24) Pause Young (Allocation Failure) 9M->5M(15M) 2.180ms